// Jest Snapshot v1, https://goo.gl/fbAQLP

exports[`#Test Box Component #Should Box with success 1`] = `
<section
  style={
    Object {
      "backgroundColor": "#fff",
      "border": "1px solid rgb(90, 74, 105)",
      "borderRadius": "2px",
      "display": "flex",
      "margin": "10px auto auto",
      "maxWidth": "500px",
      "padding": "10px 0",
      "width": "100%",
    }
  }
>
  <ul
    style={
      Object {
        "padding": "0 10px",
        "position": "relative",
        "width": "100%",
      }
    }
  >
    <li
      style={
        Object {
          "fontSize": "12px",
          "margin": "5px 0",
        }
      }
    >
      <h2
        style={
          Object {
            "color": "#414141",
            "fontFamily": "\\"Roboto\\", sans-serif",
            "fontSize": "20px",
            "textAlign": "center",
          }
        }
      >
        Register
      </h2>
    </li>
    <li
      style={
        Object {
          "fontSize": "12px",
          "margin": "5px 0",
        }
      }
    >
      <p>
        First time using of caffeine.
      </p>
    </li>
    <li
      style={
        Object {
          "fontSize": "12px",
          "margin": "5px 0",
        }
      }
    >
      <div>
        
        <input
          defaultValue=""
          disabled={false}
          id="email"
          name="email"
          placeholder="email"
          style={
            Object {
              "border": "1px solid #CCCCCC",
              "borderRadius": "2px",
              "height": "32px",
              "margin": "2px 0",
              "padding": "0 5px",
              "width": "100%",
            }
          }
          type="email"
        />
      </div>
    </li>
    <li
      style={
        Object {
          "fontSize": "12px",
          "margin": "5px 0",
        }
      }
    >
      <div>
        
        <input
          defaultValue=""
          disabled={false}
          id="login"
          name="login"
          placeholder="login"
          style={
            Object {
              "border": "1px solid #CCCCCC",
              "borderRadius": "2px",
              "height": "32px",
              "margin": "2px 0",
              "padding": "0 5px",
              "width": "100%",
            }
          }
          type="text"
        />
      </div>
    </li>
    <li
      style={
        Object {
          "fontSize": "12px",
          "margin": "5px 0",
        }
      }
    >
      <div>
        
        <input
          defaultValue=""
          disabled={false}
          id="pass"
          name="pass"
          placeholder="password"
          style={
            Object {
              "border": "1px solid #CCCCCC",
              "borderRadius": "2px",
              "height": "32px",
              "margin": "2px 0",
              "padding": "0 5px",
              "width": "100%",
            }
          }
          type="password"
        />
      </div>
    </li>
    <li
      style={
        Object {
          "fontSize": "12px",
          "margin": "5px 0",
        }
      }
    >
      <button
        style={
          Object {
            "backgroundColor": "#5A4A69",
            "border": "none",
            "borderRadius": "2px",
            "color": "#FFFFFF",
            "cursor": "pointer",
            "fontSize": "12px",
            "fontWeight": "bold",
            "padding": "10px",
            "textAlign": "center",
            "textTransform": "uppercase",
            "width": "100%",
          }
        }
      >
        Create
      </button>
    </li>
  </ul>
</section>
`;
